using System;
using System.Collections.Generic;

namespace E2ETest.Namespace
{
    public partial class AllDataTypes
    {
        public int AllDataTypesID { get; set; }
        public long bigintColumn { get; set; }
        public bool boolColumn { get; set; }
        public byte[] byteaColumn { get; set; }
        public string charColumn { get; set; }
        public DateTime dateColumn { get; set; }
        public decimal decimalColumn { get; set; }
        public double doubleColumn { get; set; }
        public int intColumn { get; set; }
        public decimal moneyColumn { get; set; }
        public decimal numericColumn { get; set; }
        public float? realColumn { get; set; }
        public short smallintColumn { get; set; }
        public string textColumn { get; set; }
        public TimeSpan? timeColumn { get; set; }
        public DateTime? timestampColumn { get; set; }
        public DateTime? timestampTzColumn { get; set; }
        public Guid? uuidColumn { get; set; }
        public string varcharColumn { get; set; }
    }
}
