using System;
using System.Collections.Generic;

namespace E2ETest.Namespace
{
    public partial class OneToOneSeparateFKDependent
    {
        public int OneToOneSeparateFKDependentID1 { get; set; }
        public int OneToOneSeparateFKDependentID2 { get; set; }
        public int? OneToOneSeparateFKDependentFK1 { get; set; }
        public int? OneToOneSeparateFKDependentFK2 { get; set; }
        public string SomeDependentEndColumn { get; set; }

        public virtual OneToOneSeparateFKPrincipal OneToOneSeparateFKDependentFK { get; set; }
    }
}
