using System;
using System.Collections.Generic;

namespace E2ETest.Namespace
{
    public partial class OneToManyPrincipal
    {
        public OneToManyPrincipal()
        {
            OneToManyDependent = new HashSet<OneToManyDependent>();
        }

        public int OneToManyPrincipalID1 { get; set; }
        public int OneToManyPrincipalID2 { get; set; }
        public string Other { get; set; }

        public virtual ICollection<OneToManyDependent> OneToManyDependent { get; set; }
    }
}
