using System;
using System.Collections.Generic;

namespace E2ETest.Namespace
{
    public partial class OneToOnePrincipal
    {
        public int OneToOnePrincipalID1 { get; set; }
        public int OneToOnePrincipalID2 { get; set; }
        public string SomeOneToOnePrincipalColumn { get; set; }

        public virtual OneToOneDependent OneToOneDependent { get; set; }
    }
}
