using System;
using System.Collections.Generic;

namespace E2ETest.Namespace
{
    public partial class OneToOneFKToUniqueKeyDependent
    {
        public int OneToOneFKToUniqueKeyDependentID1 { get; set; }
        public int OneToOneFKToUniqueKeyDependentID2 { get; set; }
        public int? OneToOneFKToUniqueKeyDependentFK1 { get; set; }
        public int? OneToOneFKToUniqueKeyDependentFK2 { get; set; }
        public string SomeColumn { get; set; }

        public virtual OneToOneFKToUniqueKeyPrincipal OneToOneFKToUniqueKeyDependentFK { get; set; }
    }
}
