using System;
using System.Collections.Generic;

namespace E2ETest.Namespace
{
    public partial class OneToOneDependent
    {
        public int OneToOneDependentID1 { get; set; }
        public int OneToOneDependentID2 { get; set; }
        public string SomeDependentEndColumn { get; set; }

        public virtual OneToOnePrincipal OneToOneDependentNavigation { get; set; }
    }
}
