using System;
using System.Collections.Generic;

namespace E2ETest.Namespace
{
    public partial class SelfReferencing
    {
        public int SelfReferencingID { get; set; }
        public string Description { get; set; }
        public string Name { get; set; }
        public int? SelfReferenceFK { get; set; }

        public virtual SelfReferencing SelfReferenceFKNavigation { get; set; }
        public virtual ICollection<SelfReferencing> InverseSelfReferenceFKNavigation { get; set; }
    }
}
