using Microsoft.Data.Entity;
using Microsoft.Data.Entity.Metadata;

namespace E2ETest.Namespace
{
    public partial class AttributesContext : DbContext
    {
        protected override void OnConfiguring(DbContextOptionsBuilder options)
        {
            options.UseNpgsql(@"{{connectionString}}");
        }

        protected override void OnModelCreating(ModelBuilder modelBuilder)
        {
            modelBuilder.Entity<AllDataTypes>(entity =>
            {
                entity.Property(e => e.charColumn).HasColumnType("bpchar");

                entity.Property(e => e.dateColumn).HasColumnType("date");

                entity.Property(e => e.moneyColumn).HasColumnType("money");

                entity.Property(e => e.timeColumn).HasColumnType("time");

                entity.Property(e => e.timestampTzColumn).HasColumnType("timestamptz");

                entity.Property(e => e.varcharColumn).HasColumnType("varchar");
            });

            modelBuilder.Entity<OneToManyDependent>(entity =>
            {
                entity.HasKey(e => new { e.OneToManyDependentID1, e.OneToManyDependentID2 })
                    .HasName("PK_OneToManyDependent");
            });

            modelBuilder.Entity<OneToManyPrincipal>(entity =>
            {
                entity.HasKey(e => new { e.OneToManyPrincipalID1, e.OneToManyPrincipalID2 })
                    .HasName("PK_OneToManyPrincipal");
            });

            modelBuilder.Entity<OneToOneDependent>(entity =>
            {
                entity.HasKey(e => new { e.OneToOneDependentID1, e.OneToOneDependentID2 })
                    .HasName("PK_OneToOneDependent");
            });

            modelBuilder.Entity<OneToOneFKToUniqueKeyDependent>(entity =>
            {
                entity.HasKey(e => new { e.OneToOneFKToUniqueKeyDependentID1, e.OneToOneFKToUniqueKeyDependentID2 })
                    .HasName("PK_OneToOneFKToUniqueKeyDependent");

                entity.HasIndex(e => new { e.OneToOneFKToUniqueKeyDependentFK1, e.OneToOneFKToUniqueKeyDependentFK2 })
                    .HasName("UK_OneToOneFKToUniqueKeyDependent")
                    .IsUnique();

                entity.HasOne(d => d.OneToOneFKToUniqueKeyDependentFK)
                    .WithOne(p => p.OneToOneFKToUniqueKeyDependent)
                    .HasPrincipalKey<OneToOneFKToUniqueKeyPrincipal>(p => new { p.OneToOneFKToUniqueKeyPrincipalUniqueKey1, p.OneToOneFKToUniqueKeyPrincipalUniqueKey2 })
                    .HasForeignKey<OneToOneFKToUniqueKeyDependent>(d => new { d.OneToOneFKToUniqueKeyDependentFK1, d.OneToOneFKToUniqueKeyDependentFK2 })
                    .OnDelete(DeleteBehavior.Restrict)
                    .HasConstraintName("FK_OneToOneFKToUniqueKeyDependent");
            });

            modelBuilder.Entity<OneToOneFKToUniqueKeyPrincipal>(entity =>
            {
                entity.HasKey(e => new { e.OneToOneFKToUniqueKeyPrincipalID1, e.OneToOneFKToUniqueKeyPrincipalID2 })
                    .HasName("PK_OneToOneFKToUniqueKeyPrincipal");

                entity.HasIndex(e => new { e.OneToOneFKToUniqueKeyPrincipalUniqueKey1, e.OneToOneFKToUniqueKeyPrincipalUniqueKey2 })
                    .HasName("UK_OneToOneFKToUniqueKeyPrincipal")
                    .IsUnique();
            });

            modelBuilder.Entity<OneToOnePrincipal>(entity =>
            {
                entity.HasKey(e => new { e.OneToOnePrincipalID1, e.OneToOnePrincipalID2 })
                    .HasName("PK_OneToOnePrincipal");
            });

            modelBuilder.Entity<OneToOneSeparateFKDependent>(entity =>
            {
                entity.HasKey(e => new { e.OneToOneSeparateFKDependentID1, e.OneToOneSeparateFKDependentID2 })
                    .HasName("PK_OneToOneSeparateFKDependent");

                entity.HasIndex(e => new { e.OneToOneSeparateFKDependentFK1, e.OneToOneSeparateFKDependentFK2 })
                    .HasName("UK_OneToOneSeparateFKDependent")
                    .IsUnique();
            });

            modelBuilder.Entity<OneToOneSeparateFKPrincipal>(entity =>
            {
                entity.HasKey(e => new { e.OneToOneSeparateFKPrincipalID1, e.OneToOneSeparateFKPrincipalID2 })
                    .HasName("PK_OneToOneSeparateFKPrincipal");
            });

            modelBuilder.Entity<PropertyConfiguration>(entity =>
            {
                entity.HasIndex(e => new { e.A, e.B })
                    .HasName("Test_PropertyConfiguration_Index");

                entity.Property(e => e.WithDateDefaultExpression).HasDefaultValueSql("now()");

                entity.Property(e => e.WithDateFixedDefault).HasDefaultValueSql("'2015-10-20 11:00:00'::timestamp without time zone");

                entity.Property(e => e.WithDefaultValue).HasDefaultValueSql("(-1)");

                entity.Property(e => e.WithMoneyDefaultValue)
                    .HasColumnType("money")
                    .HasDefaultValueSql("0.00");

                entity.Property(e => e.WithVarcharNullDefaultValue).HasColumnType("varchar");
            });

            modelBuilder.Entity<SelfReferencing>(entity =>
            {
                entity.Property(e => e.SelfReferencingID).ValueGeneratedNever();
            });

            modelBuilder.Entity<SpecialTypes>(entity =>
            {
                entity.Property(e => e.SpecialTypesID).ValueGeneratedNever();
            });

            modelBuilder.Entity<Test_Spaces_Keywords_Table>(entity =>
            {
                entity.Property(e => e.Test_Spaces_Keywords_TableID).ValueGeneratedNever();
            });
        }

        public virtual DbSet<AllDataTypes> AllDataTypes { get; set; }
        public virtual DbSet<OneToManyDependent> OneToManyDependent { get; set; }
        public virtual DbSet<OneToManyPrincipal> OneToManyPrincipal { get; set; }
        public virtual DbSet<OneToOneDependent> OneToOneDependent { get; set; }
        public virtual DbSet<OneToOneFKToUniqueKeyDependent> OneToOneFKToUniqueKeyDependent { get; set; }
        public virtual DbSet<OneToOneFKToUniqueKeyPrincipal> OneToOneFKToUniqueKeyPrincipal { get; set; }
        public virtual DbSet<OneToOnePrincipal> OneToOnePrincipal { get; set; }
        public virtual DbSet<OneToOneSeparateFKDependent> OneToOneSeparateFKDependent { get; set; }
        public virtual DbSet<OneToOneSeparateFKPrincipal> OneToOneSeparateFKPrincipal { get; set; }
        public virtual DbSet<PropertyConfiguration> PropertyConfiguration { get; set; }
        public virtual DbSet<SelfReferencing> SelfReferencing { get; set; }
        public virtual DbSet<SpecialTypes> SpecialTypes { get; set; }
        public virtual DbSet<Test_Spaces_Keywords_Table> Test_Spaces_Keywords_Table { get; set; }
    }
}