using System;
using System.Collections.Generic;
using System.ComponentModel.DataAnnotations;
using System.ComponentModel.DataAnnotations.Schema;

namespace E2ETest.Namespace
{
    public partial class OneToOneSeparateFKPrincipal
    {
        public int OneToOneSeparateFKPrincipalID1 { get; set; }
        public int OneToOneSeparateFKPrincipalID2 { get; set; }
        [Required]
        public string SomeOneToOneSeparateFKPrincipalColumn { get; set; }

        [InverseProperty("OneToOneSeparateFKDependentFK")]
        public virtual OneToOneSeparateFKDependent OneToOneSeparateFKDependent { get; set; }
    }
}
