using System;
using System.Collections.Generic;
using System.ComponentModel.DataAnnotations;
using System.ComponentModel.DataAnnotations.Schema;

namespace E2ETest.Namespace
{
    public partial class OneToOnePrincipal
    {
        public int OneToOnePrincipalID1 { get; set; }
        public int OneToOnePrincipalID2 { get; set; }
        [Required]
        public string SomeOneToOnePrincipalColumn { get; set; }

        [InverseProperty("OneToOneDependentNavigation")]
        public virtual OneToOneDependent OneToOneDependent { get; set; }
    }
}
