using System;
using System.Collections.Generic;
using System.ComponentModel.DataAnnotations;
using System.ComponentModel.DataAnnotations.Schema;

namespace E2ETest.Namespace
{
    public partial class OneToOneSeparateFKDependent
    {
        public int OneToOneSeparateFKDependentID1 { get; set; }
        public int OneToOneSeparateFKDependentID2 { get; set; }
        [Required]
        public int? OneToOneSeparateFKDependentFK1 { get; set; }
        [Required]
        public int? OneToOneSeparateFKDependentFK2 { get; set; }
        [Required]
        public string SomeDependentEndColumn { get; set; }

        [ForeignKey("OneToOneSeparateFKDependentFK1,OneToOneSeparateFKDependentFK2")]
        [InverseProperty("OneToOneSeparateFKDependent")]
        public virtual OneToOneSeparateFKPrincipal OneToOneSeparateFKDependentFK { get; set; }
    }
}
