using System;
using System.Collections.Generic;
using System.ComponentModel.DataAnnotations;
using System.ComponentModel.DataAnnotations.Schema;

namespace E2ETest.Namespace
{
    public partial class SelfReferencing
    {
        public int SelfReferencingID { get; set; }
        [Required]
        public string Description { get; set; }
        [Required]
        public string Name { get; set; }
        public int? SelfReferenceFK { get; set; }

        [ForeignKey("SelfReferenceFK")]
        [InverseProperty("InverseSelfReferenceFKNavigation")]
        public virtual SelfReferencing SelfReferenceFKNavigation { get; set; }
        [InverseProperty("SelfReferenceFKNavigation")]
        public virtual ICollection<SelfReferencing> InverseSelfReferenceFKNavigation { get; set; }
    }
}
